// Vitest Snapshot v1, https://vitest.dev/guide/snapshot.html

exports[`ground combat — all units sets > 2I vs 2I 1`] = `
[
  {
    "attacker": "",
    "defender": "",
    "probability": 0.073011112302,
    "winner": "draw",
  },
  {
    "attacker": "",
    "defender": "2I",
    "probability": 0.205194627267,
    "winner": "defender",
  },
  {
    "attacker": "2I",
    "defender": "",
    "probability": 0.205194627267,
    "winner": "attacker",
  },
  {
    "attacker": "",
    "defender": "I",
    "probability": 0.258299816582,
    "winner": "defender",
  },
  {
    "attacker": "I",
    "defender": "",
    "probability": 0.258299816582,
    "winner": "attacker",
  },
]
`;

exports[`ground combat — all units sets > 2I, 2PDS vs 2I, 2PDS 1`] = `
[
  {
    "attacker": "2PDS",
    "defender": "2PDS",
    "probability": 0.037994921508,
    "winner": "draw",
  },
  {
    "attacker": "2I, 2PDS",
    "defender": "2PDS",
    "probability": 0.051298656817,
    "winner": "attacker",
  },
  {
    "attacker": "I, 2PDS",
    "defender": "2PDS",
    "probability": 0.110639955488,
    "winner": "attacker",
  },
  {
    "attacker": "2PDS",
    "defender": "I, 2PDS",
    "probability": 0.227078311653,
    "winner": "defender",
  },
  {
    "attacker": "2PDS",
    "defender": "2I, 2PDS",
    "probability": 0.572988154534,
    "winner": "defender",
  },
]
`;

exports[`ground combat — all units sets > 2M vs 2M 1`] = `
[
  {
    "attacker": "",
    "defender": "2M",
    "probability": 0.014264550265,
    "winner": "defender",
  },
  {
    "attacker": "2M",
    "defender": "",
    "probability": 0.014264550265,
    "winner": "attacker",
  },
  {
    "attacker": "",
    "defender": "M, M-",
    "probability": 0.075426152683,
    "winner": "defender",
  },
  {
    "attacker": "M, M-",
    "defender": "",
    "probability": 0.075426152683,
    "winner": "attacker",
  },
  {
    "attacker": "",
    "defender": "",
    "probability": 0.084359227825,
    "winner": "draw",
  },
  {
    "attacker": "",
    "defender": "2M-",
    "probability": 0.172466028867,
    "winner": "defender",
  },
  {
    "attacker": "2M-",
    "defender": "",
    "probability": 0.172466028867,
    "winner": "attacker",
  },
  {
    "attacker": "",
    "defender": "M-",
    "probability": 0.195663654273,
    "winner": "defender",
  },
  {
    "attacker": "M-",
    "defender": "",
    "probability": 0.195663654273,
    "winner": "attacker",
  },
]
`;

exports[`ground combat — all units sets > 2M, 2I vs 2M, 2I 1`] = `
[
  {
    "attacker": "",
    "defender": "2M, 2I",
    "probability": 0.003211519733,
    "winner": "defender",
  },
  {
    "attacker": "2M, 2I",
    "defender": "",
    "probability": 0.003211519733,
    "winner": "attacker",
  },
  {
    "attacker": "",
    "defender": "M, M-, 2I",
    "probability": 0.021560399399,
    "winner": "defender",
  },
  {
    "attacker": "M, M-, 2I",
    "defender": "",
    "probability": 0.021560399399,
    "winner": "attacker",
  },
  {
    "attacker": "",
    "defender": "",
    "probability": 0.047282773438,
    "winner": "draw",
  },
  {
    "attacker": "",
    "defender": "2M-, 2I",
    "probability": 0.066511041496,
    "winner": "defender",
  },
  {
    "attacker": "2M-, 2I",
    "defender": "",
    "probability": 0.066511041496,
    "winner": "attacker",
  },
  {
    "attacker": "",
    "defender": "2M-, I",
    "probability": 0.120044198898,
    "winner": "defender",
  },
  {
    "attacker": "2M-, I",
    "defender": "",
    "probability": 0.120044198898,
    "winner": "attacker",
  },
  {
    "attacker": "",
    "defender": "M-",
    "probability": 0.120216095062,
    "winner": "defender",
  },
  {
    "attacker": "M-",
    "defender": "",
    "probability": 0.120216095062,
    "winner": "attacker",
  },
  {
    "attacker": "",
    "defender": "2M-",
    "probability": 0.144815358692,
    "winner": "defender",
  },
  {
    "attacker": "2M-",
    "defender": "",
    "probability": 0.144815358692,
    "winner": "attacker",
  },
]
`;

exports[`ground combat — all units sets > 2M, 2I, 2PDS vs 2M, 2I, 2PDS 1`] = `
[
  {
    "attacker": "2M, 2I, 2PDS",
    "defender": "2PDS",
    "probability": 0.000802879933,
    "winner": "attacker",
  },
  {
    "attacker": "M, M-, 2I, 2PDS",
    "defender": "2PDS",
    "probability": 0.006995859716,
    "winner": "attacker",
  },
  {
    "attacker": "2PDS",
    "defender": "2M, 2I, 2PDS",
    "probability": 0.010817764596,
    "winner": "defender",
  },
  {
    "attacker": "2M-, 2I, 2PDS",
    "defender": "2PDS",
    "probability": 0.028210840007,
    "winner": "attacker",
  },
  {
    "attacker": "2PDS",
    "defender": "2PDS",
    "probability": 0.041402100392,
    "winner": "draw",
  },
  {
    "attacker": "2PDS",
    "defender": "M, M-, 2I, 2PDS",
    "probability": 0.055860198639,
    "winner": "defender",
  },
  {
    "attacker": "2M-, I, 2PDS",
    "defender": "2PDS",
    "probability": 0.064612751685,
    "winner": "attacker",
  },
  {
    "attacker": "M-, 2PDS",
    "defender": "2PDS",
    "probability": 0.095541094305,
    "winner": "attacker",
  },
  {
    "attacker": "2M-, 2PDS",
    "defender": "2PDS",
    "probability": 0.096733885373,
    "winner": "attacker",
  },
  {
    "attacker": "2PDS",
    "defender": "M-, 2PDS",
    "probability": 0.116948998298,
    "winner": "defender",
  },
  {
    "attacker": "2PDS",
    "defender": "2M-, 2I, 2PDS",
    "probability": 0.130520860236,
    "winner": "defender",
  },
  {
    "attacker": "2PDS",
    "defender": "2M-, 2PDS",
    "probability": 0.170810619266,
    "winner": "defender",
  },
  {
    "attacker": "2PDS",
    "defender": "2M-, I, 2PDS",
    "probability": 0.180742147553,
    "winner": "defender",
  },
]
`;

exports[`ground combat — all units sets > 2M, 2PDS vs 2M, 2PDS 1`] = `
[
  {
    "attacker": "2M, 2PDS",
    "defender": "2PDS",
    "probability": 0.003566137566,
    "winner": "attacker",
  },
  {
    "attacker": "M, M-, 2PDS",
    "defender": "2PDS",
    "probability": 0.025988813303,
    "winner": "attacker",
  },
  {
    "attacker": "2PDS",
    "defender": "2M, 2PDS",
    "probability": 0.057058201058,
    "winner": "defender",
  },
  {
    "attacker": "2PDS",
    "defender": "2PDS",
    "probability": 0.064900295384,
    "winner": "draw",
  },
  {
    "attacker": "2M-, 2PDS",
    "defender": "2PDS",
    "probability": 0.084395721124,
    "winner": "attacker",
  },
  {
    "attacker": "M-, 2PDS",
    "defender": "2PDS",
    "probability": 0.126873340772,
    "winner": "attacker",
  },
  {
    "attacker": "2PDS",
    "defender": "M, M-, 2PDS",
    "probability": 0.187588208617,
    "winner": "defender",
  },
  {
    "attacker": "2PDS",
    "defender": "M-, 2PDS",
    "probability": 0.191999785,
    "winner": "defender",
  },
  {
    "attacker": "2PDS",
    "defender": "2M-, 2PDS",
    "probability": 0.257629497175,
    "winner": "defender",
  },
]
`;

exports[`ground combat — all units sets > 2PDS vs 2PDS 1`] = `
[
  {
    "attacker": "2PDS",
    "defender": "2PDS",
    "probability": 1,
    "winner": "draw",
  },
]
`;
