// Vitest Snapshot v1, https://vitest.dev/guide/snapshot.html

exports[`space combat — war funding units sets > 2D vs 2D 1`] = `
[
  {
    "attacker": "",
    "defender": "2D",
    "probability": 0.000800873947,
    "winner": "defender",
  },
  {
    "attacker": "",
    "defender": "D, D-",
    "probability": 0.012175210985,
    "winner": "defender",
  },
  {
    "attacker": "2D",
    "defender": "",
    "probability": 0.015105587219,
    "winner": "attacker",
  },
  {
    "attacker": "",
    "defender": "2D-",
    "probability": 0.06846812232,
    "winner": "defender",
  },
  {
    "attacker": "D, D-",
    "defender": "",
    "probability": 0.102391989045,
    "winner": "attacker",
  },
  {
    "attacker": "",
    "defender": "",
    "probability": 0.114446392279,
    "winner": "draw",
  },
  {
    "attacker": "",
    "defender": "D-",
    "probability": 0.154308503189,
    "winner": "defender",
  },
  {
    "attacker": "2D-",
    "defender": "",
    "probability": 0.254162537859,
    "winner": "attacker",
  },
  {
    "attacker": "D-",
    "defender": "",
    "probability": 0.278140783155,
    "winner": "attacker",
  },
]
`;

exports[`space combat — war funding units sets > 2D, 2F vs 2D, 2F 1`] = `
[
  {
    "attacker": "",
    "defender": "2D, 2F",
    "probability": 0.000097236856,
    "winner": "defender",
  },
  {
    "attacker": "",
    "defender": "D, D-, 2F",
    "probability": 0.001673861572,
    "winner": "defender",
  },
  {
    "attacker": "2D, 2F",
    "defender": "",
    "probability": 0.004958319158,
    "winner": "attacker",
  },
  {
    "attacker": "",
    "defender": "2D-, 2F",
    "probability": 0.011508113993,
    "winner": "defender",
  },
  {
    "attacker": "D, D-, 2F",
    "defender": "",
    "probability": 0.038967683706,
    "winner": "attacker",
  },
  {
    "attacker": "",
    "defender": "2D-, F",
    "probability": 0.039580913233,
    "winner": "defender",
  },
  {
    "attacker": "",
    "defender": "",
    "probability": 0.059237971118,
    "winner": "draw",
  },
  {
    "attacker": "",
    "defender": "2D-",
    "probability": 0.081621856694,
    "winner": "defender",
  },
  {
    "attacker": "",
    "defender": "D-",
    "probability": 0.103972063902,
    "winner": "defender",
  },
  {
    "attacker": "2D-, 2F",
    "defender": "",
    "probability": 0.119390263283,
    "winner": "attacker",
  },
  {
    "attacker": "D-",
    "defender": "",
    "probability": 0.146021400126,
    "winner": "attacker",
  },
  {
    "attacker": "2D-, F",
    "defender": "",
    "probability": 0.193665741622,
    "winner": "attacker",
  },
  {
    "attacker": "2D-",
    "defender": "",
    "probability": 0.199304574738,
    "winner": "attacker",
  },
]
`;

exports[`space combat — war funding units sets > 2D, 2F, 2PDS vs 2D, 2F, 2PDS 1`] = `
[
  {
    "attacker": "2PDS",
    "defender": "2D, 2F, 2PDS",
    "probability": 0.00009731146,
    "winner": "defender",
  },
  {
    "attacker": "2PDS",
    "defender": "D, D-, 2F, 2PDS",
    "probability": 0.001668762529,
    "winner": "defender",
  },
  {
    "attacker": "2D, 2F, 2PDS",
    "defender": "2PDS",
    "probability": 0.004878956435,
    "winner": "attacker",
  },
  {
    "attacker": "2PDS",
    "defender": "2D-, 2F, 2PDS",
    "probability": 0.011437705196,
    "winner": "defender",
  },
  {
    "attacker": "D, D-, 2F, 2PDS",
    "defender": "2PDS",
    "probability": 0.037413679217,
    "winner": "attacker",
  },
  {
    "attacker": "2PDS",
    "defender": "2D-, F, 2PDS",
    "probability": 0.039522955283,
    "winner": "defender",
  },
  {
    "attacker": "2PDS",
    "defender": "2PDS",
    "probability": 0.06066166909,
    "winner": "draw",
  },
  {
    "attacker": "2PDS",
    "defender": "2D-, 2PDS",
    "probability": 0.082429953794,
    "winner": "defender",
  },
  {
    "attacker": "2PDS",
    "defender": "D-, 2PDS",
    "probability": 0.106042015613,
    "winner": "defender",
  },
  {
    "attacker": "2D-, 2F, 2PDS",
    "defender": "2PDS",
    "probability": 0.113843522478,
    "winner": "attacker",
  },
  {
    "attacker": "D-, 2PDS",
    "defender": "2PDS",
    "probability": 0.149737031486,
    "winner": "attacker",
  },
  {
    "attacker": "2D-, F, 2PDS",
    "defender": "2PDS",
    "probability": 0.189767162559,
    "winner": "attacker",
  },
  {
    "attacker": "2D-, 2PDS",
    "defender": "2PDS",
    "probability": 0.20249927486,
    "winner": "attacker",
  },
]
`;

exports[`space combat — war funding units sets > 2D, 2PDS vs 2D, 2PDS 1`] = `
[
  {
    "attacker": "2PDS",
    "defender": "2D, 2PDS",
    "probability": 0.001013824095,
    "winner": "defender",
  },
  {
    "attacker": "2PDS",
    "defender": "D, D-, 2PDS",
    "probability": 0.014615182696,
    "winner": "defender",
  },
  {
    "attacker": "2D, 2PDS",
    "defender": "2PDS",
    "probability": 0.019431172956,
    "winner": "attacker",
  },
  {
    "attacker": "2PDS",
    "defender": "2D-, 2PDS",
    "probability": 0.076135400617,
    "winner": "defender",
  },
  {
    "attacker": "2PDS",
    "defender": "2PDS",
    "probability": 0.107186516785,
    "winner": "draw",
  },
  {
    "attacker": "D, D-, 2PDS",
    "defender": "2PDS",
    "probability": 0.116376801295,
    "winner": "attacker",
  },
  {
    "attacker": "2PDS",
    "defender": "D-, 2PDS",
    "probability": 0.155712274034,
    "winner": "defender",
  },
  {
    "attacker": "2D-, 2PDS",
    "defender": "2PDS",
    "probability": 0.252677097541,
    "winner": "attacker",
  },
  {
    "attacker": "D-, 2PDS",
    "defender": "2PDS",
    "probability": 0.256851729981,
    "winner": "attacker",
  },
]
`;

exports[`space combat — war funding units sets > 2F vs 2F 1`] = `
[
  {
    "attacker": "",
    "defender": "",
    "probability": 0.035873817979,
    "winner": "draw",
  },
  {
    "attacker": "",
    "defender": "2F",
    "probability": 0.122189599538,
    "winner": "defender",
  },
  {
    "attacker": "",
    "defender": "F",
    "probability": 0.1717386718,
    "winner": "defender",
  },
  {
    "attacker": "F",
    "defender": "",
    "probability": 0.232246999669,
    "winner": "attacker",
  },
  {
    "attacker": "2F",
    "defender": "",
    "probability": 0.437950911013,
    "winner": "attacker",
  },
]
`;

exports[`space combat — war funding units sets > 2F, 2PDS vs 2F, 2PDS 1`] = `
[
  {
    "attacker": "2PDS",
    "defender": "2PDS",
    "probability": 0.093450164626,
    "winner": "draw",
  },
  {
    "attacker": "2PDS",
    "defender": "2F, 2PDS",
    "probability": 0.121599145053,
    "winner": "defender",
  },
  {
    "attacker": "2F, 2PDS",
    "defender": "2PDS",
    "probability": 0.189727669643,
    "winner": "attacker",
  },
  {
    "attacker": "2PDS",
    "defender": "F, 2PDS",
    "probability": 0.258671444765,
    "winner": "defender",
  },
  {
    "attacker": "F, 2PDS",
    "defender": "2PDS",
    "probability": 0.336551575913,
    "winner": "attacker",
  },
]
`;

exports[`space combat — war funding units sets > 2PDS vs 2PDS 1`] = `
[
  {
    "attacker": "2PDS",
    "defender": "2PDS",
    "probability": 1,
    "winner": "draw",
  },
]
`;

exports[`space combat — war funding units sets > 2W vs 2W 1`] = `
[
  {
    "attacker": "",
    "defender": "2W",
    "probability": 3.43e-9,
    "winner": "defender",
  },
  {
    "attacker": "",
    "defender": "W, W-",
    "probability": 4.93975e-7,
    "winner": "defender",
  },
  {
    "attacker": "",
    "defender": "2W-",
    "probability": 0.000029643198,
    "winner": "defender",
  },
  {
    "attacker": "2W",
    "defender": "",
    "probability": 0.000105820211,
    "winner": "attacker",
  },
  {
    "attacker": "",
    "defender": "W-",
    "probability": 0.000948812443,
    "winner": "defender",
  },
  {
    "attacker": "W, W-",
    "defender": "",
    "probability": 0.002539696595,
    "winner": "attacker",
  },
  {
    "attacker": "2W-",
    "defender": "",
    "probability": 0.025397173395,
    "winner": "attacker",
  },
  {
    "attacker": "W-",
    "defender": "",
    "probability": 0.13545379506,
    "winner": "attacker",
  },
  {
    "attacker": "",
    "defender": "",
    "probability": 0.835524561693,
    "winner": "draw",
  },
]
`;

exports[`space combat — war funding units sets > 2W, 2D vs 2W, 2D 1`] = `
[
  {
    "attacker": "",
    "defender": "2W, 2D",
    "probability": 4e-12,
    "winner": "defender",
  },
  {
    "attacker": "",
    "defender": "2W, D, D-",
    "probability": 5.67e-10,
    "winner": "defender",
  },
  {
    "attacker": "",
    "defender": "2W, 2D-",
    "probability": 3.7476e-8,
    "winner": "defender",
  },
  {
    "attacker": "",
    "defender": "W, W-, 2D-",
    "probability": 0.000001371884,
    "winner": "defender",
  },
  {
    "attacker": "2W, 2D",
    "defender": "",
    "probability": 0.000007740648,
    "winner": "attacker",
  },
  {
    "attacker": "",
    "defender": "2W-, 2D-",
    "probability": 0.000030197348,
    "winner": "defender",
  },
  {
    "attacker": "2W, D, D-",
    "defender": "",
    "probability": 0.000209465953,
    "winner": "attacker",
  },
  {
    "attacker": "",
    "defender": "2W-, D-",
    "probability": 0.000405092494,
    "winner": "defender",
  },
  {
    "attacker": "2W, 2D-",
    "defender": "",
    "probability": 0.002447032891,
    "winner": "attacker",
  },
  {
    "attacker": "",
    "defender": "2W-",
    "probability": 0.003199779502,
    "winner": "defender",
  },
  {
    "attacker": "",
    "defender": "W-",
    "probability": 0.013673615893,
    "winner": "defender",
  },
  {
    "attacker": "W, W-, 2D-",
    "defender": "",
    "probability": 0.016100015982,
    "winner": "attacker",
  },
  {
    "attacker": "2W-, 2D-",
    "defender": "",
    "probability": 0.065253324371,
    "winner": "attacker",
  },
  {
    "attacker": "W-",
    "defender": "",
    "probability": 0.129196213524,
    "winner": "attacker",
  },
  {
    "attacker": "2W-, D-",
    "defender": "",
    "probability": 0.167572486706,
    "winner": "attacker",
  },
  {
    "attacker": "2W-",
    "defender": "",
    "probability": 0.27182991197,
    "winner": "attacker",
  },
  {
    "attacker": "",
    "defender": "",
    "probability": 0.330073712789,
    "winner": "draw",
  },
]
`;

exports[`space combat — war funding units sets > 2W, 2D, 2F vs 2W, 2D, 2F 1`] = `
[
  {
    "attacker": "",
    "defender": "2W, 2D, 2F",
    "probability": 0,
    "winner": "defender",
  },
  {
    "attacker": "",
    "defender": "2W, D, D-, 2F",
    "probability": 1.3e-11,
    "winner": "defender",
  },
  {
    "attacker": "",
    "defender": "2W, 2D-, 2F",
    "probability": 9.07e-10,
    "winner": "defender",
  },
  {
    "attacker": "",
    "defender": "W, W-, 2D-, 2F",
    "probability": 3.4045e-8,
    "winner": "defender",
  },
  {
    "attacker": "2W, 2D, 2F",
    "defender": "",
    "probability": 7.20286e-7,
    "winner": "attacker",
  },
  {
    "attacker": "",
    "defender": "2W-, 2D-, 2F",
    "probability": 7.78244e-7,
    "winner": "defender",
  },
  {
    "attacker": "",
    "defender": "2W-, 2D-, F",
    "probability": 0.000011113917,
    "winner": "defender",
  },
  {
    "attacker": "2W, D, D-, 2F",
    "defender": "",
    "probability": 0.000020095093,
    "winner": "attacker",
  },
  {
    "attacker": "",
    "defender": "2W-, 2D-",
    "probability": 0.000098529022,
    "winner": "defender",
  },
  {
    "attacker": "2W, 2D-, 2F",
    "defender": "",
    "probability": 0.00024521095,
    "winner": "attacker",
  },
  {
    "attacker": "",
    "defender": "2W-, D-",
    "probability": 0.000536733568,
    "winner": "defender",
  },
  {
    "attacker": "W, W-, 2D-, 2F",
    "defender": "",
    "probability": 0.00172272948,
    "winner": "attacker",
  },
  {
    "attacker": "",
    "defender": "2W-",
    "probability": 0.00191396358,
    "winner": "defender",
  },
  {
    "attacker": "",
    "defender": "W-",
    "probability": 0.005633155871,
    "winner": "defender",
  },
  {
    "attacker": "2W-, 2D-, 2F",
    "defender": "",
    "probability": 0.007754804489,
    "winner": "attacker",
  },
  {
    "attacker": "2W-, 2D-, F",
    "defender": "",
    "probability": 0.023810698407,
    "winner": "attacker",
  },
  {
    "attacker": "2W-, 2D-",
    "defender": "",
    "probability": 0.053060887194,
    "winner": "attacker",
  },
  {
    "attacker": "2W-, D-",
    "defender": "",
    "probability": 0.072825494789,
    "winner": "attacker",
  },
  {
    "attacker": "2W-",
    "defender": "",
    "probability": 0.123730064087,
    "winner": "attacker",
  },
  {
    "attacker": "W-",
    "defender": "",
    "probability": 0.155062608012,
    "winner": "attacker",
  },
  {
    "attacker": "",
    "defender": "",
    "probability": 0.553572378046,
    "winner": "draw",
  },
]
`;

exports[`space combat — war funding units sets > 2W, 2D, 2F, 2PDS vs 2W, 2D, 2F, 2PDS 1`] = `
[
  {
    "attacker": "2PDS",
    "defender": "2W, 2D, 2F, 2PDS",
    "probability": 0,
    "winner": "defender",
  },
  {
    "attacker": "2PDS",
    "defender": "2W, D, D-, 2F, 2PDS",
    "probability": 6.2e-11,
    "winner": "defender",
  },
  {
    "attacker": "2PDS",
    "defender": "2W, 2D-, 2F, 2PDS",
    "probability": 4.206e-9,
    "winner": "defender",
  },
  {
    "attacker": "2PDS",
    "defender": "W, W-, 2D-, 2F, 2PDS",
    "probability": 1.59572e-7,
    "winner": "defender",
  },
  {
    "attacker": "2W, 2D, 2F, 2PDS",
    "defender": "2PDS",
    "probability": 9.69434e-7,
    "winner": "attacker",
  },
  {
    "attacker": "2PDS",
    "defender": "2W-, 2D-, 2F, 2PDS",
    "probability": 0.000003699607,
    "winner": "defender",
  },
  {
    "attacker": "2W, D, D-, 2F, 2PDS",
    "defender": "2PDS",
    "probability": 0.000028673929,
    "winner": "attacker",
  },
  {
    "attacker": "2PDS",
    "defender": "2W-, 2D-, F, 2PDS",
    "probability": 0.000053772115,
    "winner": "defender",
  },
  {
    "attacker": "2W, 2D-, 2F, 2PDS",
    "defender": "2PDS",
    "probability": 0.000374619674,
    "winner": "attacker",
  },
  {
    "attacker": "2PDS",
    "defender": "2W-, 2D-, 2PDS",
    "probability": 0.000485524739,
    "winner": "defender",
  },
  {
    "attacker": "2PDS",
    "defender": "2W-, D-, 2PDS",
    "probability": 0.002644864347,
    "winner": "defender",
  },
  {
    "attacker": "W, W-, 2D-, 2F, 2PDS",
    "defender": "2PDS",
    "probability": 0.002845973874,
    "winner": "attacker",
  },
  {
    "attacker": "2PDS",
    "defender": "2W-, 2PDS",
    "probability": 0.008516471479,
    "winner": "defender",
  },
  {
    "attacker": "2W-, 2D-, 2F, 2PDS",
    "defender": "2PDS",
    "probability": 0.013942017667,
    "winner": "attacker",
  },
  {
    "attacker": "2PDS",
    "defender": "W-, 2PDS",
    "probability": 0.01691677233,
    "winner": "defender",
  },
  {
    "attacker": "2W-, 2D-, F, 2PDS",
    "defender": "2PDS",
    "probability": 0.046264582293,
    "winner": "attacker",
  },
  {
    "attacker": "2W-, 2D-, 2PDS",
    "defender": "2PDS",
    "probability": 0.106820951465,
    "winner": "attacker",
  },
  {
    "attacker": "W-, 2PDS",
    "defender": "2PDS",
    "probability": 0.130416740706,
    "winner": "attacker",
  },
  {
    "attacker": "2W-, 2PDS",
    "defender": "2PDS",
    "probability": 0.139069141011,
    "winner": "attacker",
  },
  {
    "attacker": "2W-, D-, 2PDS",
    "defender": "2PDS",
    "probability": 0.147404667435,
    "winner": "attacker",
  },
  {
    "attacker": "2PDS",
    "defender": "2PDS",
    "probability": 0.384210394054,
    "winner": "draw",
  },
]
`;

exports[`space combat — war funding units sets > 2W, 2D, 2PDS vs 2W, 2D, 2PDS 1`] = `
[
  {
    "attacker": "2PDS",
    "defender": "2W, 2D, 2PDS",
    "probability": 6e-12,
    "winner": "defender",
  },
  {
    "attacker": "2PDS",
    "defender": "2W, D, D-, 2PDS",
    "probability": 8.95e-10,
    "winner": "defender",
  },
  {
    "attacker": "2PDS",
    "defender": "2W, 2D-, 2PDS",
    "probability": 6.0038e-8,
    "winner": "defender",
  },
  {
    "attacker": "2PDS",
    "defender": "W, W-, 2D-, 2PDS",
    "probability": 0.000002245948,
    "winner": "defender",
  },
  {
    "attacker": "2W, 2D, 2PDS",
    "defender": "2PDS",
    "probability": 0.000002916131,
    "winner": "attacker",
  },
  {
    "attacker": "2PDS",
    "defender": "2W-, 2D-, 2PDS",
    "probability": 0.00005101057,
    "winner": "defender",
  },
  {
    "attacker": "2W, D, D-, 2PDS",
    "defender": "2PDS",
    "probability": 0.00008461263,
    "winner": "attacker",
  },
  {
    "attacker": "2PDS",
    "defender": "2W-, D-, 2PDS",
    "probability": 0.000718129086,
    "winner": "defender",
  },
  {
    "attacker": "2W, 2D-, 2PDS",
    "defender": "2PDS",
    "probability": 0.001078261468,
    "winner": "attacker",
  },
  {
    "attacker": "2PDS",
    "defender": "2W-, 2PDS",
    "probability": 0.006146753182,
    "winner": "defender",
  },
  {
    "attacker": "W, W-, 2D-, 2PDS",
    "defender": "2PDS",
    "probability": 0.007923279798,
    "winner": "attacker",
  },
  {
    "attacker": "2PDS",
    "defender": "W-, 2PDS",
    "probability": 0.030371448026,
    "winner": "defender",
  },
  {
    "attacker": "2W-, 2D-, 2PDS",
    "defender": "2PDS",
    "probability": 0.03706161499,
    "winner": "attacker",
  },
  {
    "attacker": "2W-, D-, 2PDS",
    "defender": "2PDS",
    "probability": 0.114986637407,
    "winner": "attacker",
  },
  {
    "attacker": "2W-, 2PDS",
    "defender": "2PDS",
    "probability": 0.239385096954,
    "winner": "attacker",
  },
  {
    "attacker": "W-, 2PDS",
    "defender": "2PDS",
    "probability": 0.275758498399,
    "winner": "attacker",
  },
  {
    "attacker": "2PDS",
    "defender": "2PDS",
    "probability": 0.28642943447,
    "winner": "draw",
  },
]
`;

exports[`space combat — war funding units sets > 2W, 2F vs 2W, 2F 1`] = `
[
  {
    "attacker": "",
    "defender": "2W, 2F",
    "probability": 2.93e-10,
    "winner": "defender",
  },
  {
    "attacker": "",
    "defender": "W, W-, 2F",
    "probability": 4.2638e-8,
    "winner": "defender",
  },
  {
    "attacker": "",
    "defender": "2W-, 2F",
    "probability": 0.000002592909,
    "winner": "defender",
  },
  {
    "attacker": "2W, 2F",
    "defender": "",
    "probability": 0.000052204142,
    "winner": "attacker",
  },
  {
    "attacker": "",
    "defender": "2W-, F",
    "probability": 0.000084668891,
    "winner": "defender",
  },
  {
    "attacker": "W, W-, 2F",
    "defender": "",
    "probability": 0.001279500818,
    "winner": "attacker",
  },
  {
    "attacker": "",
    "defender": "2W-",
    "probability": 0.001576315235,
    "winner": "defender",
  },
  {
    "attacker": "2W-, 2F",
    "defender": "",
    "probability": 0.013172942763,
    "winner": "attacker",
  },
  {
    "attacker": "",
    "defender": "W-",
    "probability": 0.016175417812,
    "winner": "defender",
  },
  {
    "attacker": "2W-, F",
    "defender": "",
    "probability": 0.073341730065,
    "winner": "attacker",
  },
  {
    "attacker": "",
    "defender": "",
    "probability": 0.227502801317,
    "winner": "draw",
  },
  {
    "attacker": "2W-",
    "defender": "",
    "probability": 0.235928499927,
    "winner": "attacker",
  },
  {
    "attacker": "W-",
    "defender": "",
    "probability": 0.430883283191,
    "winner": "attacker",
  },
]
`;

exports[`space combat — war funding units sets > 2W, 2F, 2PDS vs 2W, 2F, 2PDS 1`] = `
[
  {
    "attacker": "2PDS",
    "defender": "2W, 2F, 2PDS",
    "probability": 2.48e-10,
    "winner": "defender",
  },
  {
    "attacker": "2PDS",
    "defender": "W, W-, 2F, 2PDS",
    "probability": 3.6534e-8,
    "winner": "defender",
  },
  {
    "attacker": "2PDS",
    "defender": "2W-, 2F, 2PDS",
    "probability": 0.000002259107,
    "winner": "defender",
  },
  {
    "attacker": "2W, 2F, 2PDS",
    "defender": "2PDS",
    "probability": 0.0000140496,
    "winner": "attacker",
  },
  {
    "attacker": "2PDS",
    "defender": "2W-, F, 2PDS",
    "probability": 0.000075571819,
    "winner": "defender",
  },
  {
    "attacker": "W, W-, 2F, 2PDS",
    "defender": "2PDS",
    "probability": 0.000372351959,
    "winner": "attacker",
  },
  {
    "attacker": "2PDS",
    "defender": "2W-, 2PDS",
    "probability": 0.001461360052,
    "winner": "defender",
  },
  {
    "attacker": "2W-, 2F, 2PDS",
    "defender": "2PDS",
    "probability": 0.004245002985,
    "winner": "attacker",
  },
  {
    "attacker": "2PDS",
    "defender": "W-, 2PDS",
    "probability": 0.016046957748,
    "winner": "defender",
  },
  {
    "attacker": "2W-, F, 2PDS",
    "defender": "2PDS",
    "probability": 0.027133018954,
    "winner": "attacker",
  },
  {
    "attacker": "2W-, 2PDS",
    "defender": "2PDS",
    "probability": 0.10619869166,
    "winner": "attacker",
  },
  {
    "attacker": "W-, 2PDS",
    "defender": "2PDS",
    "probability": 0.261051511305,
    "winner": "attacker",
  },
  {
    "attacker": "2PDS",
    "defender": "2PDS",
    "probability": 0.583399188027,
    "winner": "draw",
  },
]
`;

exports[`space combat — war funding units sets > 2W, 2PDS vs 2W, 2PDS 1`] = `
[
  {
    "attacker": "2PDS",
    "defender": "2W, 2PDS",
    "probability": 9.67e-10,
    "winner": "defender",
  },
  {
    "attacker": "2PDS",
    "defender": "W, W-, 2PDS",
    "probability": 1.4125e-7,
    "winner": "defender",
  },
  {
    "attacker": "2PDS",
    "defender": "2W-, 2PDS",
    "probability": 0.000008638905,
    "winner": "defender",
  },
  {
    "attacker": "2W, 2PDS",
    "defender": "2PDS",
    "probability": 0.000026477607,
    "winner": "attacker",
  },
  {
    "attacker": "2PDS",
    "defender": "W-, 2PDS",
    "probability": 0.000284375746,
    "winner": "defender",
  },
  {
    "attacker": "W, W-, 2PDS",
    "defender": "2PDS",
    "probability": 0.000688418535,
    "winner": "attacker",
  },
  {
    "attacker": "2W-, 2PDS",
    "defender": "2PDS",
    "probability": 0.007652051257,
    "winner": "attacker",
  },
  {
    "attacker": "W-, 2PDS",
    "defender": "2PDS",
    "probability": 0.047236354179,
    "winner": "attacker",
  },
  {
    "attacker": "2PDS",
    "defender": "2PDS",
    "probability": 0.944103541554,
    "winner": "draw",
  },
]
`;
